============================================================
ALLOCATION ROUND LOG
============================================================
Generated At   : 2026-07-06T20:51:24.874Z
Hostel         : Kailash Boys Hostel (f5c4c3d4-cabb-43f2-a0f9-f8ab5f350d8e)
Batch ID       : 8b12900a-d0ed-4594-bf55-88380e8b6351
Batch Number   : 1
Round Number   : 4
------------------------------------------------------------
SUMMARY
------------------------------------------------------------
Total Processed: 0
Allocated      : 0
Failed         : 0
Success Rate   : 0.0%
------------------------------------------------------------
RESULTS
------------------------------------------------------------
============================================================
END OF LOG
============================================================