============================================================
ALLOCATION ROUND LOG
============================================================
Generated At   : 2026-07-07T09:59:51.322Z
Hostel         : Kailash Boys Hostel (f5c4c3d4-cabb-43f2-a0f9-f8ab5f350d8e)
Batch ID       : 68b976ee-996a-4672-88d3-9b0a71385a6f
Batch Number   : 1
Round Number   : 4
------------------------------------------------------------
SUMMARY
------------------------------------------------------------
Total Processed: 0
Allocated      : 0
Failed         : 0
Success Rate   : 0.0%
------------------------------------------------------------
RESULTS
------------------------------------------------------------
============================================================
END OF LOG
============================================================